// Jest Snapshot v1, https://goo.gl/fbAQLP

exports[`should render LoginPage correctly 1`] = `
<div
  className="login-container"
>
  <h1
    className="heading-primary"
  >
    <span
      className="heading-primary__parcial__bold"
    >
      C
    </span>
    ycle
    <br />
    <span
      className="heading-primary__parcial__bold"
    >
      L
    </span>
    ogger
  </h1>
  <div
    className="btn btn-google btn-md"
    onClick={[Function]}
  >
    <span
      className="btn-google__logo"
    />
  </div>
</div>
`;
